[0.016s] Invoking command in '/home/nicolas-rebollo/ros2_ws/src/mie443_contest1/build/mie443_contest1': CMAKE_PREFIX_PATH=${CMAKE_PREFIX_PATH}:/opt/ros/jazzy DEBUGINFOD_URLS=https://debuginfod.ubuntu.com /usr/bin/cmake --build /home/nicolas-rebollo/ros2_ws/src/mie443_contest1/build/mie443_contest1 -- -j12 -l12
[0.131s] [100%] Built target contest1
[0.149s] Invoked command in '/home/nicolas-rebollo/ros2_ws/src/mie443_contest1/build/mie443_contest1' returned '0': CMAKE_PREFIX_PATH=${CMAKE_PREFIX_PATH}:/opt/ros/jazzy DEBUGINFOD_URLS=https://debuginfod.ubuntu.com /usr/bin/cmake --build /home/nicolas-rebollo/ros2_ws/src/mie443_contest1/build/mie443_contest1 -- -j12 -l12
[0.163s] Invoking command in '/home/nicolas-rebollo/ros2_ws/src/mie443_contest1/build/mie443_contest1': CMAKE_PREFIX_PATH=${CMAKE_PREFIX_PATH}:/opt/ros/jazzy DEBUGINFOD_URLS=https://debuginfod.ubuntu.com /usr/bin/cmake --install /home/nicolas-rebollo/ros2_ws/src/mie443_contest1/build/mie443_contest1
[0.175s] -- Install configuration: ""
[0.175s] -- Up-to-date: /home/nicolas-rebollo/ros2_ws/src/mie443_contest1/install/mie443_contest1/lib/mie443_contest1/contest1
[0.176s] -- Up-to-date: /home/nicolas-rebollo/ros2_ws/src/mie443_contest1/install/mie443_contest1/include/mie443_contest1
[0.176s] -- Up-to-date: /home/nicolas-rebollo/ros2_ws/src/mie443_contest1/install/mie443_contest1/include/mie443_contest1/eStop.h
[0.176s] -- Up-to-date: /home/nicolas-rebollo/ros2_ws/src/mie443_contest1/install/mie443_contest1/share/ament_index/resource_index/package_run_dependencies/mie443_contest1
[0.176s] -- Up-to-date: /home/nicolas-rebollo/ros2_ws/src/mie443_contest1/install/mie443_contest1/share/ament_index/resource_index/parent_prefix_path/mie443_contest1
[0.176s] -- Up-to-date: /home/nicolas-rebollo/ros2_ws/src/mie443_contest1/install/mie443_contest1/share/mie443_contest1/environment/ament_prefix_path.sh
[0.176s] -- Up-to-date: /home/nicolas-rebollo/ros2_ws/src/mie443_contest1/install/mie443_contest1/share/mie443_contest1/environment/ament_prefix_path.dsv
[0.177s] -- Up-to-date: /home/nicolas-rebollo/ros2_ws/src/mie443_contest1/install/mie443_contest1/share/mie443_contest1/environment/path.sh
[0.177s] -- Up-to-date: /home/nicolas-rebollo/ros2_ws/src/mie443_contest1/install/mie443_contest1/share/mie443_contest1/environment/path.dsv
[0.177s] -- Up-to-date: /home/nicolas-rebollo/ros2_ws/src/mie443_contest1/install/mie443_contest1/share/mie443_contest1/local_setup.bash
[0.177s] -- Up-to-date: /home/nicolas-rebollo/ros2_ws/src/mie443_contest1/install/mie443_contest1/share/mie443_contest1/local_setup.sh
[0.178s] -- Up-to-date: /home/nicolas-rebollo/ros2_ws/src/mie443_contest1/install/mie443_contest1/share/mie443_contest1/local_setup.zsh
[0.179s] -- Up-to-date: /home/nicolas-rebollo/ros2_ws/src/mie443_contest1/install/mie443_contest1/share/mie443_contest1/local_setup.dsv
[0.179s] -- Installing: /home/nicolas-rebollo/ros2_ws/src/mie443_contest1/install/mie443_contest1/share/mie443_contest1/package.dsv
[0.179s] -- Up-to-date: /home/nicolas-rebollo/ros2_ws/src/mie443_contest1/install/mie443_contest1/share/ament_index/resource_index/packages/mie443_contest1
[0.180s] -- Up-to-date: /home/nicolas-rebollo/ros2_ws/src/mie443_contest1/install/mie443_contest1/share/mie443_contest1/cmake/mie443_contest1Config.cmake
[0.180s] -- Up-to-date: /home/nicolas-rebollo/ros2_ws/src/mie443_contest1/install/mie443_contest1/share/mie443_contest1/cmake/mie443_contest1Config-version.cmake
[0.180s] -- Up-to-date: /home/nicolas-rebollo/ros2_ws/src/mie443_contest1/install/mie443_contest1/share/mie443_contest1/package.xml
[0.180s] Invoked command in '/home/nicolas-rebollo/ros2_ws/src/mie443_contest1/build/mie443_contest1' returned '0': CMAKE_PREFIX_PATH=${CMAKE_PREFIX_PATH}:/opt/ros/jazzy DEBUGINFOD_URLS=https://debuginfod.ubuntu.com /usr/bin/cmake --install /home/nicolas-rebollo/ros2_ws/src/mie443_contest1/build/mie443_contest1
