[0.118s] DEBUG:colcon:Command line arguments: ['/usr/bin/colcon', 'build', '--packages-select', 'mie443_contest1']
[0.118s] DEBUG:colcon:Parsed command line arguments: Namespace(log_base=None, log_level=None, verb_name='build', build_base='build', install_base='install', merge_install=False, symlink_install=False, test_result_base=None, continue_on_error=False, executor='parallel', parallel_workers=12, event_handlers=None, ignore_user_meta=False, metas=['./colcon.meta'], base_paths=['.'], packages_ignore=None, packages_ignore_regex=None, paths=None, packages_up_to=None, packages_up_to_regex=None, packages_above=None, packages_above_and_dependencies=None, packages_above_depth=None, packages_select_by_dep=None, packages_skip_by_dep=None, packages_skip_up_to=None, packages_select_build_failed=False, packages_skip_build_finished=False, packages_select_test_failures=False, packages_skip_test_passed=False, packages_select=['mie443_contest1'], packages_skip=None, packages_select_regex=None, packages_skip_regex=None, packages_start=None, packages_end=None, allow_overriding=[], cmake_args=None, cmake_target=None, cmake_target_skip_unavailable=False, cmake_clean_cache=False, cmake_clean_first=False, cmake_force_configure=False, ament_cmake_args=None, catkin_cmake_args=None, catkin_skip_building_tests=False, mixin_files=None, mixin=None, verb_parser=<colcon_mixin.mixin.mixin_argument.MixinArgumentDecorator object at 0x78d39d08c950>, verb_extension=<colcon_core.verb.build.BuildVerb object at 0x78d39d08c590>, main=<bound method BuildVerb.main of <colcon_core.verb.build.BuildVerb object at 0x78d39d08c590>>, mixin_verb=('build',))
[0.162s] Level 1:colcon.colcon_core.package_discovery:discover_packages(colcon_meta) check parameters
[0.162s] Level 1:colcon.colcon_core.package_discovery:discover_packages(recursive) check parameters
[0.162s] Level 1:colcon.colcon_core.package_discovery:discover_packages(ignore) check parameters
[0.162s] Level 1:colcon.colcon_core.package_discovery:discover_packages(path) check parameters
[0.162s] Level 1:colcon.colcon_core.package_discovery:discover_packages(colcon_meta) discover
[0.162s] Level 1:colcon.colcon_core.package_discovery:discover_packages(recursive) discover
[0.162s] INFO:colcon.colcon_core.package_discovery:Crawling recursively for packages in '/home/nicolas-rebollo/ros2_ws/src/mie443_contest1'
[0.163s] Level 1:colcon.colcon_core.package_identification:_identify(.) by extensions ['ignore', 'ignore_ament_install']
[0.163s] Level 1:colcon.colcon_core.package_identification:_identify(.) by extension 'ignore'
[0.163s] Level 1:colcon.colcon_core.package_identification:_identify(.) by extension 'ignore_ament_install'
[0.163s] Level 1:colcon.colcon_core.package_identification:_identify(.) by extensions ['colcon_pkg']
[0.163s] Level 1:colcon.colcon_core.package_identification:_identify(.) by extension 'colcon_pkg'
[0.163s] Level 1:colcon.colcon_core.package_identification:_identify(.) by extensions ['colcon_meta']
[0.163s] Level 1:colcon.colcon_core.package_identification:_identify(.) by extension 'colcon_meta'
[0.163s] Level 1:colcon.colcon_core.package_identification:_identify(.) by extensions ['ros']
[0.163s] Level 1:colcon.colcon_core.package_identification:_identify(.) by extension 'ros'
[0.197s] DEBUG:colcon.colcon_core.package_identification:Package '.' with type 'ros.ament_cmake' and name 'mie443_contest1'
[0.197s] Level 1:colcon.colcon_core.package_discovery:discover_packages(recursive) using defaults
[0.197s] Level 1:colcon.colcon_core.package_discovery:discover_packages(ignore) discover
[0.197s] Level 1:colcon.colcon_core.package_discovery:discover_packages(ignore) using defaults
[0.197s] Level 1:colcon.colcon_core.package_discovery:discover_packages(path) discover
[0.197s] Level 1:colcon.colcon_core.package_discovery:discover_packages(path) using defaults
[0.219s] Level 1:colcon.colcon_core.package_discovery:discover_packages(prefix_path) check parameters
[0.219s] Level 1:colcon.colcon_core.package_discovery:discover_packages(prefix_path) discover
[0.221s] DEBUG:colcon.colcon_installed_package_information.package_discovery:Found 1 installed packages in /home/nicolas-rebollo/ros2_ws/src/mie443_contest1/install
[0.221s] DEBUG:colcon.colcon_installed_package_information.package_discovery:Found 1 installed packages in /home/nicolas-rebollo/ros2_ws/install
[0.224s] DEBUG:colcon.colcon_installed_package_information.package_discovery:Found 445 installed packages in /opt/ros/jazzy
[0.226s] Level 1:colcon.colcon_core.package_discovery:discover_packages(prefix_path) using defaults
[0.283s] Level 5:colcon.colcon_core.verb:set package 'mie443_contest1' build argument 'cmake_args' from command line to 'None'
[0.283s] Level 5:colcon.colcon_core.verb:set package 'mie443_contest1' build argument 'cmake_target' from command line to 'None'
[0.283s] Level 5:colcon.colcon_core.verb:set package 'mie443_contest1' build argument 'cmake_target_skip_unavailable' from command line to 'False'
[0.284s] Level 5:colcon.colcon_core.verb:set package 'mie443_contest1' build argument 'cmake_clean_cache' from command line to 'False'
[0.284s] Level 5:colcon.colcon_core.verb:set package 'mie443_contest1' build argument 'cmake_clean_first' from command line to 'False'
[0.284s] Level 5:colcon.colcon_core.verb:set package 'mie443_contest1' build argument 'cmake_force_configure' from command line to 'False'
[0.284s] Level 5:colcon.colcon_core.verb:set package 'mie443_contest1' build argument 'ament_cmake_args' from command line to 'None'
[0.284s] Level 5:colcon.colcon_core.verb:set package 'mie443_contest1' build argument 'catkin_cmake_args' from command line to 'None'
[0.284s] Level 5:colcon.colcon_core.verb:set package 'mie443_contest1' build argument 'catkin_skip_building_tests' from command line to 'False'
[0.284s] DEBUG:colcon.colcon_core.verb:Building package 'mie443_contest1' with the following arguments: {'ament_cmake_args': None, 'build_base': '/home/nicolas-rebollo/ros2_ws/src/mie443_contest1/build/mie443_contest1', 'catkin_cmake_args': None, 'catkin_skip_building_tests': False, 'cmake_args': None, 'cmake_clean_cache': False, 'cmake_clean_first': False, 'cmake_force_configure': False, 'cmake_target': None, 'cmake_target_skip_unavailable': False, 'install_base': '/home/nicolas-rebollo/ros2_ws/src/mie443_contest1/install/mie443_contest1', 'merge_install': False, 'path': '/home/nicolas-rebollo/ros2_ws/src/mie443_contest1', 'symlink_install': False, 'test_result_base': None}
[0.284s] INFO:colcon.colcon_core.executor:Executing jobs using 'parallel' executor
[0.285s] DEBUG:colcon.colcon_parallel_executor.executor.parallel:run_until_complete
[0.285s] INFO:colcon.colcon_ros.task.ament_cmake.build:Building ROS package in '/home/nicolas-rebollo/ros2_ws/src/mie443_contest1' with build type 'ament_cmake'
[0.285s] INFO:colcon.colcon_cmake.task.cmake.build:Building CMake package in '/home/nicolas-rebollo/ros2_ws/src/mie443_contest1'
[0.287s] INFO:colcon.colcon_core.plugin_system:Skipping extension 'colcon_core.shell.bat': Not used on non-Windows systems
[0.287s] INFO:colcon.colcon_core.shell:Skip shell extension 'powershell' for command environment: Not usable outside of PowerShell
[0.287s] DEBUG:colcon.colcon_core.shell:Skip shell extension 'dsv' for command environment
[0.301s] DEBUG:colcon.colcon_core.event_handler.log_command:Invoking command in '/home/nicolas-rebollo/ros2_ws/src/mie443_contest1/build/mie443_contest1': CMAKE_PREFIX_PATH=${CMAKE_PREFIX_PATH}:/opt/ros/jazzy DEBUGINFOD_URLS=https://debuginfod.ubuntu.com /usr/bin/cmake --build /home/nicolas-rebollo/ros2_ws/src/mie443_contest1/build/mie443_contest1 -- -j12 -l12
[7.039s] DEBUG:colcon.colcon_core.event_handler.log_command:Invoked command in '/home/nicolas-rebollo/ros2_ws/src/mie443_contest1/build/mie443_contest1' returned '2': CMAKE_PREFIX_PATH=${CMAKE_PREFIX_PATH}:/opt/ros/jazzy DEBUGINFOD_URLS=https://debuginfod.ubuntu.com /usr/bin/cmake --build /home/nicolas-rebollo/ros2_ws/src/mie443_contest1/build/mie443_contest1 -- -j12 -l12
[7.039s] Level 1:colcon.colcon_core.environment:create_environment_scripts_only(mie443_contest1)
[7.041s] Level 1:colcon.colcon_core.environment:checking '/home/nicolas-rebollo/ros2_ws/src/mie443_contest1/install/mie443_contest1' for CMake module files
[7.042s] Level 1:colcon.colcon_core.environment:checking '/home/nicolas-rebollo/ros2_ws/src/mie443_contest1/install/mie443_contest1' for CMake config files
[7.042s] Level 1:colcon.colcon_core.shell:create_environment_hook('mie443_contest1', 'cmake_prefix_path')
[7.042s] INFO:colcon.colcon_core.shell:Creating environment hook '/home/nicolas-rebollo/ros2_ws/src/mie443_contest1/install/mie443_contest1/share/mie443_contest1/hook/cmake_prefix_path.ps1'
[7.043s] INFO:colcon.colcon_core.shell:Creating environment descriptor '/home/nicolas-rebollo/ros2_ws/src/mie443_contest1/install/mie443_contest1/share/mie443_contest1/hook/cmake_prefix_path.dsv'
[7.043s] INFO:colcon.colcon_core.shell:Creating environment hook '/home/nicolas-rebollo/ros2_ws/src/mie443_contest1/install/mie443_contest1/share/mie443_contest1/hook/cmake_prefix_path.sh'
[7.044s] Level 1:colcon.colcon_core.environment:checking '/home/nicolas-rebollo/ros2_ws/src/mie443_contest1/install/mie443_contest1/lib'
[7.044s] Level 1:colcon.colcon_core.environment:checking '/home/nicolas-rebollo/ros2_ws/src/mie443_contest1/install/mie443_contest1/bin'
[7.045s] Level 1:colcon.colcon_core.environment:checking '/home/nicolas-rebollo/ros2_ws/src/mie443_contest1/install/mie443_contest1/lib/pkgconfig/mie443_contest1.pc'
[7.045s] Level 1:colcon.colcon_core.environment:checking '/home/nicolas-rebollo/ros2_ws/src/mie443_contest1/install/mie443_contest1/lib/python3.12/site-packages'
[7.045s] Level 1:colcon.colcon_core.environment:checking '/home/nicolas-rebollo/ros2_ws/src/mie443_contest1/install/mie443_contest1/bin'
[7.045s] INFO:colcon.colcon_core.shell:Creating package script '/home/nicolas-rebollo/ros2_ws/src/mie443_contest1/install/mie443_contest1/share/mie443_contest1/package.ps1'
[7.046s] INFO:colcon.colcon_core.shell:Creating package descriptor '/home/nicolas-rebollo/ros2_ws/src/mie443_contest1/install/mie443_contest1/share/mie443_contest1/package.dsv'
[7.047s] INFO:colcon.colcon_core.shell:Creating package script '/home/nicolas-rebollo/ros2_ws/src/mie443_contest1/install/mie443_contest1/share/mie443_contest1/package.sh'
[7.047s] INFO:colcon.colcon_core.shell:Creating package script '/home/nicolas-rebollo/ros2_ws/src/mie443_contest1/install/mie443_contest1/share/mie443_contest1/package.bash'
[7.048s] INFO:colcon.colcon_core.shell:Creating package script '/home/nicolas-rebollo/ros2_ws/src/mie443_contest1/install/mie443_contest1/share/mie443_contest1/package.zsh'
[7.049s] Level 1:colcon.colcon_core.environment:create_file_with_runtime_dependencies(/home/nicolas-rebollo/ros2_ws/src/mie443_contest1/install/mie443_contest1/share/colcon-core/packages/mie443_contest1)
[7.059s] DEBUG:colcon.colcon_parallel_executor.executor.parallel:closing loop
[7.059s] DEBUG:colcon.colcon_parallel_executor.executor.parallel:loop closed
[7.059s] DEBUG:colcon.colcon_parallel_executor.executor.parallel:run_until_complete finished with '2'
[7.059s] DEBUG:colcon.colcon_core.event_reactor:joining thread
[7.067s] INFO:colcon.colcon_core.plugin_system:Skipping extension 'colcon_notification.desktop_notification.terminal_notifier': Not used on non-Darwin systems
[7.067s] INFO:colcon.colcon_core.plugin_system:Skipping extension 'colcon_notification.desktop_notification.win32': Not used on non-Windows systems
[7.067s] INFO:colcon.colcon_notification.desktop_notification:Sending desktop notification using 'notify2'
[7.089s] DEBUG:colcon.colcon_core.event_reactor:joined thread
[7.089s] INFO:colcon.colcon_core.shell:Creating prefix script '/home/nicolas-rebollo/ros2_ws/src/mie443_contest1/install/local_setup.ps1'
[7.090s] INFO:colcon.colcon_core.shell:Creating prefix util module '/home/nicolas-rebollo/ros2_ws/src/mie443_contest1/install/_local_setup_util_ps1.py'
[7.091s] INFO:colcon.colcon_core.shell:Creating prefix chain script '/home/nicolas-rebollo/ros2_ws/src/mie443_contest1/install/setup.ps1'
[7.092s] INFO:colcon.colcon_core.shell:Creating prefix script '/home/nicolas-rebollo/ros2_ws/src/mie443_contest1/install/local_setup.sh'
[7.093s] INFO:colcon.colcon_core.shell:Creating prefix util module '/home/nicolas-rebollo/ros2_ws/src/mie443_contest1/install/_local_setup_util_sh.py'
[7.094s] INFO:colcon.colcon_core.shell:Creating prefix chain script '/home/nicolas-rebollo/ros2_ws/src/mie443_contest1/install/setup.sh'
[7.095s] INFO:colcon.colcon_core.shell:Creating prefix script '/home/nicolas-rebollo/ros2_ws/src/mie443_contest1/install/local_setup.bash'
[7.095s] INFO:colcon.colcon_core.shell:Creating prefix chain script '/home/nicolas-rebollo/ros2_ws/src/mie443_contest1/install/setup.bash'
[7.096s] INFO:colcon.colcon_core.shell:Creating prefix script '/home/nicolas-rebollo/ros2_ws/src/mie443_contest1/install/local_setup.zsh'
[7.097s] INFO:colcon.colcon_core.shell:Creating prefix chain script '/home/nicolas-rebollo/ros2_ws/src/mie443_contest1/install/setup.zsh'
