-- The C compiler identification is GNU 13.3.0
-- The CXX compiler identification is GNU 13.3.0
-- Detecting C compiler ABI info
-- Detecting C compiler ABI info - done
-- Check for working C compiler: /usr/bin/cc - skipped
-- Detecting C compile features
-- Detecting C compile features - done
-- Detecting CXX compiler ABI info
-- Detecting CXX compiler ABI info - done
-- Check for working CXX compiler: /usr/bin/c++ - skipped
-- Detecting CXX compile features
-- Detecting CXX compile features - done
-- Found ament_cmake: 2.5.4 (/opt/ros/jazzy/share/ament_cmake/cmake)
-- Found Python3: /usr/bin/python3 (found version "3.12.3") found components: Interpreter 
-- Found rclcpp: 28.1.13 (/opt/ros/jazzy/share/rclcpp/cmake)
-- Found rosidl_generator_c: 4.6.6 (/opt/ros/jazzy/share/rosidl_generator_c/cmake)
-- Found rosidl_generator_cpp: 4.6.6 (/opt/ros/jazzy/share/rosidl_generator_cpp/cmake)
-- Using all available rosidl_typesupport_c: rosidl_typesupport_fastrtps_c;rosidl_typesupport_introspection_c
-- Using all available rosidl_typesupport_cpp: rosidl_typesupport_fastrtps_cpp;rosidl_typesupport_introspection_cpp
-- Found rmw_implementation_cmake: 7.3.2 (/opt/ros/jazzy/share/rmw_implementation_cmake/cmake)
-- Found rmw_cyclonedds_cpp: 2.2.3 (/opt/ros/jazzy/share/rmw_cyclonedds_cpp/cmake)
-- Using RMW implementation 'rmw_cyclonedds_cpp' as default
-- Found std_msgs: 5.3.6 (/opt/ros/jazzy/share/std_msgs/cmake)
-- Found geometry_msgs: 5.3.6 (/opt/ros/jazzy/share/geometry_msgs/cmake)
-- Found sensor_msgs: 5.3.6 (/opt/ros/jazzy/share/sensor_msgs/cmake)
-- Found nav_msgs: 5.3.6 (/opt/ros/jazzy/share/nav_msgs/cmake)
-- Found irobot_create_msgs: 3.0.0 (/opt/ros/jazzy/share/irobot_create_msgs/cmake)
-- Found tf2: 0.36.16 (/opt/ros/jazzy/share/tf2/cmake)
-- Found tf2_geometry_msgs: 0.36.16 (/opt/ros/jazzy/share/tf2_geometry_msgs/cmake)
-- Found eigen3_cmake_module: 0.3.0 (/opt/ros/jazzy/share/eigen3_cmake_module/cmake)
-- Found Eigen3: TRUE (found version "3.4.0") 
-- Ensuring Eigen3 include directory is part of orocos-kdl CMake target
-- Found cv_bridge: 4.1.0 (/opt/ros/jazzy/share/cv_bridge/cmake)
-- Found image_transport: 5.1.7 (/opt/ros/jazzy/share/image_transport/cmake)
-- Found TinyXML2 via Config file: /usr/lib/x86_64-linux-gnu/cmake/tinyxml2
-- Found OpenCV: /usr (found suitable version "4.6.0", minimum required is "4") 
-- Found ament_lint_auto: 0.17.3 (/opt/ros/jazzy/share/ament_lint_auto/cmake)
-- Added test 'copyright' to check source files copyright and LICENSE
-- Added test 'cppcheck' to perform static code analysis on C / C++ code
-- Configured cppcheck include dirs: /home/nicolas-rebollo/ros2_ws/src/mie443_contest1/include
-- Configured cppcheck exclude dirs and/or files: 
-- Added test 'cpplint' to check C / C++ code against the Google style
-- Configured cpplint exclude dirs and/or files: 
-- Added test 'lint_cmake' to check CMake code style
-- Added test 'uncrustify' to check C / C++ code style
-- Configured uncrustify additional arguments: 
-- Added test 'xmllint' to check XML markup files
-- Configuring done (1.3s)
-- Generating done (0.0s)
-- Build files have been written to: /home/nicolas-rebollo/ros2_ws/src/mie443_contest1/build/mie443_contest1
[ 50%] [32mBuilding CXX object CMakeFiles/contest1.dir/src/contest1.cpp.o[0m
[01m[K/home/nicolas-rebollo/ros2_ws/src/mie443_contest1/src/contest1.cpp:[m[K In constructor ‘[01m[KContest1Node::[01;32m[KContest1Node[m[K()[m[K’:
[01m[K/home/nicolas-rebollo/ros2_ws/src/mie443_contest1/src/contest1.cpp:287:9:[m[K [01;31m[Kerror: [m[K‘[01m[Kbackup_start_time_[m[K’ was not declared in this scope
  287 |         [01;31m[Kbackup_start_time_[m[K = this->now();
      |         [01;31m[K^~~~~~~~~~~~~~~~~~[m[K
[01m[K/home/nicolas-rebollo/ros2_ws/src/mie443_contest1/src/contest1.cpp:[m[K In member function ‘[01m[Kvoid Contest1Node::[01;32m[KcontrolLoop[m[K()[m[K’:
[01m[K/home/nicolas-rebollo/ros2_ws/src/mie443_contest1/src/contest1.cpp:641:52:[m[K [01;31m[Kerror: [m[K‘[01m[Kbackup_start_time_[m[K’ was not declared in this scope
  641 |             double backup_elapsed = (this->now() - [01;31m[Kbackup_start_time_[m[K).seconds();
      |                                                    [01;31m[K^~~~~~~~~~~~~~~~~~[m[K
[01m[K/home/nicolas-rebollo/ros2_ws/src/mie443_contest1/src/contest1.cpp:685:13:[m[K [01;31m[Kerror: [m[K‘[01m[Kbackup_start_time_[m[K’ was not declared in this scope
  685 |             [01;31m[Kbackup_start_time_[m[K = this->now();
      |             [01;31m[K^~~~~~~~~~~~~~~~~~[m[K
gmake[2]: *** [CMakeFiles/contest1.dir/build.make:76: CMakeFiles/contest1.dir/src/contest1.cpp.o] Error 1
gmake[1]: *** [CMakeFiles/Makefile2:137: CMakeFiles/contest1.dir/all] Error 2
gmake: *** [Makefile:146: all] Error 2
