[0.015s] Invoking command in '/home/nicolas-rebollo/ros2_ws/src/mie443_contest1/build/mie443_contest1': CMAKE_PREFIX_PATH=${CMAKE_PREFIX_PATH}:/opt/ros/jazzy DEBUGINFOD_URLS=https://debuginfod.ubuntu.com /usr/bin/cmake --build /home/nicolas-rebollo/ros2_ws/src/mie443_contest1/build/mie443_contest1 -- -j12 -l12
[0.122s] [ 50%] [32mBuilding CXX object CMakeFiles/contest1.dir/src/contest1.cpp.o[0m
[15.108s] [100%] [32m[1mLinking CXX executable contest1[0m
[15.878s] [100%] Built target contest1
[15.893s] Invoked command in '/home/nicolas-rebollo/ros2_ws/src/mie443_contest1/build/mie443_contest1' returned '0': CMAKE_PREFIX_PATH=${CMAKE_PREFIX_PATH}:/opt/ros/jazzy DEBUGINFOD_URLS=https://debuginfod.ubuntu.com /usr/bin/cmake --build /home/nicolas-rebollo/ros2_ws/src/mie443_contest1/build/mie443_contest1 -- -j12 -l12
[15.907s] Invoking command in '/home/nicolas-rebollo/ros2_ws/src/mie443_contest1/build/mie443_contest1': CMAKE_PREFIX_PATH=${CMAKE_PREFIX_PATH}:/opt/ros/jazzy DEBUGINFOD_URLS=https://debuginfod.ubuntu.com /usr/bin/cmake --install /home/nicolas-rebollo/ros2_ws/src/mie443_contest1/build/mie443_contest1
[15.920s] -- Install configuration: ""
[15.920s] -- Installing: /home/nicolas-rebollo/ros2_ws/src/mie443_contest1/install/mie443_contest1/lib/mie443_contest1/contest1
[15.932s] -- Set non-toolchain portion of runtime path of "/home/nicolas-rebollo/ros2_ws/src/mie443_contest1/install/mie443_contest1/lib/mie443_contest1/contest1" to ""
[15.932s] -- Up-to-date: /home/nicolas-rebollo/ros2_ws/src/mie443_contest1/install/mie443_contest1/include/mie443_contest1
[15.932s] -- Up-to-date: /home/nicolas-rebollo/ros2_ws/src/mie443_contest1/install/mie443_contest1/include/mie443_contest1/eStop.h
[15.933s] -- Up-to-date: /home/nicolas-rebollo/ros2_ws/src/mie443_contest1/install/mie443_contest1/share/ament_index/resource_index/package_run_dependencies/mie443_contest1
[15.933s] -- Up-to-date: /home/nicolas-rebollo/ros2_ws/src/mie443_contest1/install/mie443_contest1/share/ament_index/resource_index/parent_prefix_path/mie443_contest1
[15.933s] -- Up-to-date: /home/nicolas-rebollo/ros2_ws/src/mie443_contest1/install/mie443_contest1/share/mie443_contest1/environment/ament_prefix_path.sh
[15.933s] -- Up-to-date: /home/nicolas-rebollo/ros2_ws/src/mie443_contest1/install/mie443_contest1/share/mie443_contest1/environment/ament_prefix_path.dsv
[15.933s] -- Up-to-date: /home/nicolas-rebollo/ros2_ws/src/mie443_contest1/install/mie443_contest1/share/mie443_contest1/environment/path.sh
[15.933s] -- Up-to-date: /home/nicolas-rebollo/ros2_ws/src/mie443_contest1/install/mie443_contest1/share/mie443_contest1/environment/path.dsv
[15.933s] -- Up-to-date: /home/nicolas-rebollo/ros2_ws/src/mie443_contest1/install/mie443_contest1/share/mie443_contest1/local_setup.bash
[15.933s] -- Up-to-date: /home/nicolas-rebollo/ros2_ws/src/mie443_contest1/install/mie443_contest1/share/mie443_contest1/local_setup.sh
[15.933s] -- Up-to-date: /home/nicolas-rebollo/ros2_ws/src/mie443_contest1/install/mie443_contest1/share/mie443_contest1/local_setup.zsh
[15.933s] -- Up-to-date: /home/nicolas-rebollo/ros2_ws/src/mie443_contest1/install/mie443_contest1/share/mie443_contest1/local_setup.dsv
[15.933s] -- Installing: /home/nicolas-rebollo/ros2_ws/src/mie443_contest1/install/mie443_contest1/share/mie443_contest1/package.dsv
[15.934s] -- Up-to-date: /home/nicolas-rebollo/ros2_ws/src/mie443_contest1/install/mie443_contest1/share/ament_index/resource_index/packages/mie443_contest1
[15.934s] -- Up-to-date: /home/nicolas-rebollo/ros2_ws/src/mie443_contest1/install/mie443_contest1/share/mie443_contest1/cmake/mie443_contest1Config.cmake
[15.934s] -- Up-to-date: /home/nicolas-rebollo/ros2_ws/src/mie443_contest1/install/mie443_contest1/share/mie443_contest1/cmake/mie443_contest1Config-version.cmake
[15.934s] -- Up-to-date: /home/nicolas-rebollo/ros2_ws/src/mie443_contest1/install/mie443_contest1/share/mie443_contest1/package.xml
[15.936s] Invoked command in '/home/nicolas-rebollo/ros2_ws/src/mie443_contest1/build/mie443_contest1' returned '0': CMAKE_PREFIX_PATH=${CMAKE_PREFIX_PATH}:/opt/ros/jazzy DEBUGINFOD_URLS=https://debuginfod.ubuntu.com /usr/bin/cmake --install /home/nicolas-rebollo/ros2_ws/src/mie443_contest1/build/mie443_contest1
